[debug] [2026-01-26T22:05:37.811Z] ----------------------------------------------------------------------
[debug] [2026-01-26T22:05:37.813Z] Command:       C:\Program Files\nodejs\node.exe C:\Users\Lena\AppData\Roaming\npm\node_modules\firebase-tools\lib\bin\firebase.js deploy
[debug] [2026-01-26T22:05:37.813Z] CLI Version:   13.2.0
[debug] [2026-01-26T22:05:37.813Z] Platform:      win32
[debug] [2026-01-26T22:05:37.813Z] Node Version:  v22.11.0
[debug] [2026-01-26T22:05:37.813Z] Time:          Tue Jan 27 2026 00:05:37 GMT+0200 (Israel Standard Time)
[debug] [2026-01-26T22:05:37.813Z] ----------------------------------------------------------------------
[debug] 
[debug] [2026-01-26T22:05:37.816Z] >>> [apiv2][query] GET https://firebase-public.firebaseio.com/cli.json [none]
[debug] [2026-01-26T22:05:37.905Z] > command requires scopes: ["email","openid","https://www.googleapis.com/auth/cloudplatformprojects.readonly","https://www.googleapis.com/auth/firebase","https://www.googleapis.com/auth/cloud-platform"]
[debug] [2026-01-26T22:05:37.905Z] > authorizing via signed-in user (elenakalmikov@gmail.com)
[debug] [2026-01-26T22:05:37.905Z] [iam] checking project lena-kalmikov-portfolio for permissions ["firebase.projects.get","firebasehosting.sites.update"]
[debug] [2026-01-26T22:05:37.906Z] > refreshing access token with scopes: []
[debug] [2026-01-26T22:05:37.906Z] >>> [apiv2][query] POST https://www.googleapis.com/oauth2/v3/token [none]
[debug] [2026-01-26T22:05:37.906Z] >>> [apiv2][body] POST https://www.googleapis.com/oauth2/v3/token [omitted]
[debug] [2026-01-26T22:05:38.067Z] <<< [apiv2][status] POST https://www.googleapis.com/oauth2/v3/token 400
[debug] [2026-01-26T22:05:38.067Z] <<< [apiv2][body] POST https://www.googleapis.com/oauth2/v3/token [omitted]
[debug] [2026-01-26T22:05:38.067Z] >>> [apiv2][query] POST https://cloudresourcemanager.googleapis.com/v1/projects/lena-kalmikov-portfolio:testIamPermissions [none]
[debug] [2026-01-26T22:05:38.067Z] >>> [apiv2][(partial)header] POST https://cloudresourcemanager.googleapis.com/v1/projects/lena-kalmikov-portfolio:testIamPermissions x-goog-quota-user=projects/lena-kalmikov-portfolio
[debug] [2026-01-26T22:05:38.067Z] >>> [apiv2][body] POST https://cloudresourcemanager.googleapis.com/v1/projects/lena-kalmikov-portfolio:testIamPermissions {"permissions":["firebase.projects.get","firebasehosting.sites.update"]}
[debug] [2026-01-26T22:05:38.236Z] <<< [apiv2][status] GET https://firebase-public.firebaseio.com/cli.json 200
[debug] [2026-01-26T22:05:38.236Z] <<< [apiv2][body] GET https://firebase-public.firebaseio.com/cli.json {"cloudBuildErrorAfter":1594252800000,"cloudBuildWarnAfter":1590019200000,"defaultNode10After":1594252800000,"minVersion":"3.0.5","node8DeploysDisabledAfter":1613390400000,"node8RuntimeDisabledAfter":1615809600000,"node8WarnAfter":1600128000000}
[debug] [2026-01-26T22:05:38.973Z] <<< [apiv2][status] POST https://cloudresourcemanager.googleapis.com/v1/projects/lena-kalmikov-portfolio:testIamPermissions 401
[debug] [2026-01-26T22:05:38.973Z] <<< [apiv2][body] POST https://cloudresourcemanager.googleapis.com/v1/projects/lena-kalmikov-portfolio:testIamPermissions {"error":{"code":401,"message":"Request had invalid authentication credentials. Expected OAuth 2 access token, login cookie or other valid authentication credential. See https://developers.google.com/identity/sign-in/web/devconsole-project.","status":"UNAUTHENTICATED","details":[{"@type":"type.googleapis.com/google.rpc.ErrorInfo","reason":"ACCESS_TOKEN_TYPE_UNSUPPORTED","metadata":{"method":"google.cloudresourcemanager.v1.Projects.TestIamPermissions","service":"cloudresourcemanager.googleapis.com"}}]}}
[debug] [2026-01-26T22:05:38.973Z] [iam] error while checking permissions, command may fail: FirebaseError: HTTP Error: 401, Request had invalid authentication credentials. Expected OAuth 2 access token, login cookie or other valid authentication credential. See https://developers.google.com/identity/sign-in/web/devconsole-project.
[debug] [2026-01-26T22:05:38.974Z] > refreshing access token with scopes: []
[debug] [2026-01-26T22:05:38.974Z] >>> [apiv2][query] POST https://www.googleapis.com/oauth2/v3/token [none]
[debug] [2026-01-26T22:05:38.974Z] >>> [apiv2][body] POST https://www.googleapis.com/oauth2/v3/token [omitted]
[debug] [2026-01-26T22:05:39.050Z] <<< [apiv2][status] POST https://www.googleapis.com/oauth2/v3/token 400
[debug] [2026-01-26T22:05:39.050Z] <<< [apiv2][body] POST https://www.googleapis.com/oauth2/v3/token [omitted]
[debug] [2026-01-26T22:05:39.050Z] >>> [apiv2][query] GET https://firebase.googleapis.com/v1beta1/projects/lena-kalmikov-portfolio [none]
[debug] [2026-01-26T22:05:39.197Z] <<< [apiv2][status] GET https://firebase.googleapis.com/v1beta1/projects/lena-kalmikov-portfolio 401
[debug] [2026-01-26T22:05:39.197Z] <<< [apiv2][body] GET https://firebase.googleapis.com/v1beta1/projects/lena-kalmikov-portfolio {"error":{"code":401,"message":"Request had invalid authentication credentials. Expected OAuth 2 access token, login cookie or other valid authentication credential. See https://developers.google.com/identity/sign-in/web/devconsole-project.","status":"UNAUTHENTICATED"}}
[debug] [2026-01-26T22:05:39.197Z] HTTP Error: 401, Request had invalid authentication credentials. Expected OAuth 2 access token, login cookie or other valid authentication credential. See https://developers.google.com/identity/sign-in/web/devconsole-project.
[error] 
[error] Error: Assertion failed: resolving hosting target of a site with no site name or target name. This should have caused an error earlier
[debug] [2026-01-26T22:06:24.506Z] ----------------------------------------------------------------------
[debug] [2026-01-26T22:06:24.508Z] Command:       C:\Program Files\nodejs\node.exe C:\Users\Lena\AppData\Roaming\npm\node_modules\firebase-tools\lib\bin\firebase.js deploy
[debug] [2026-01-26T22:06:24.508Z] CLI Version:   13.2.0
[debug] [2026-01-26T22:06:24.508Z] Platform:      win32
[debug] [2026-01-26T22:06:24.509Z] Node Version:  v22.11.0
[debug] [2026-01-26T22:06:24.509Z] Time:          Tue Jan 27 2026 00:06:24 GMT+0200 (Israel Standard Time)
[debug] [2026-01-26T22:06:24.509Z] ----------------------------------------------------------------------
[debug] 
[debug] [2026-01-26T22:06:24.560Z] > command requires scopes: ["email","openid","https://www.googleapis.com/auth/cloudplatformprojects.readonly","https://www.googleapis.com/auth/firebase","https://www.googleapis.com/auth/cloud-platform"]
[debug] [2026-01-26T22:06:24.560Z] > authorizing via signed-in user (elenakalmikov@gmail.com)
[debug] [2026-01-26T22:06:24.560Z] [iam] checking project lena-kalmikov-portfolio for permissions ["firebase.projects.get","firebasehosting.sites.update"]
[debug] [2026-01-26T22:06:24.561Z] > refreshing access token with scopes: []
[debug] [2026-01-26T22:06:24.563Z] >>> [apiv2][query] POST https://www.googleapis.com/oauth2/v3/token [none]
[debug] [2026-01-26T22:06:24.563Z] >>> [apiv2][body] POST https://www.googleapis.com/oauth2/v3/token [omitted]
[debug] [2026-01-26T22:06:24.744Z] <<< [apiv2][status] POST https://www.googleapis.com/oauth2/v3/token 400
[debug] [2026-01-26T22:06:24.745Z] <<< [apiv2][body] POST https://www.googleapis.com/oauth2/v3/token [omitted]
[debug] [2026-01-26T22:06:24.745Z] >>> [apiv2][query] POST https://cloudresourcemanager.googleapis.com/v1/projects/lena-kalmikov-portfolio:testIamPermissions [none]
[debug] [2026-01-26T22:06:24.745Z] >>> [apiv2][(partial)header] POST https://cloudresourcemanager.googleapis.com/v1/projects/lena-kalmikov-portfolio:testIamPermissions x-goog-quota-user=projects/lena-kalmikov-portfolio
[debug] [2026-01-26T22:06:24.745Z] >>> [apiv2][body] POST https://cloudresourcemanager.googleapis.com/v1/projects/lena-kalmikov-portfolio:testIamPermissions {"permissions":["firebase.projects.get","firebasehosting.sites.update"]}
[debug] [2026-01-26T22:06:24.962Z] <<< [apiv2][status] POST https://cloudresourcemanager.googleapis.com/v1/projects/lena-kalmikov-portfolio:testIamPermissions 401
[debug] [2026-01-26T22:06:24.962Z] <<< [apiv2][body] POST https://cloudresourcemanager.googleapis.com/v1/projects/lena-kalmikov-portfolio:testIamPermissions {"error":{"code":401,"message":"Request had invalid authentication credentials. Expected OAuth 2 access token, login cookie or other valid authentication credential. See https://developers.google.com/identity/sign-in/web/devconsole-project.","status":"UNAUTHENTICATED","details":[{"@type":"type.googleapis.com/google.rpc.ErrorInfo","reason":"ACCESS_TOKEN_TYPE_UNSUPPORTED","metadata":{"service":"cloudresourcemanager.googleapis.com","method":"google.cloudresourcemanager.v1.Projects.TestIamPermissions"}}]}}
[debug] [2026-01-26T22:06:24.963Z] [iam] error while checking permissions, command may fail: FirebaseError: HTTP Error: 401, Request had invalid authentication credentials. Expected OAuth 2 access token, login cookie or other valid authentication credential. See https://developers.google.com/identity/sign-in/web/devconsole-project.
[debug] [2026-01-26T22:06:24.963Z] > refreshing access token with scopes: []
[debug] [2026-01-26T22:06:24.963Z] >>> [apiv2][query] POST https://www.googleapis.com/oauth2/v3/token [none]
[debug] [2026-01-26T22:06:24.963Z] >>> [apiv2][body] POST https://www.googleapis.com/oauth2/v3/token [omitted]
[debug] [2026-01-26T22:06:25.034Z] <<< [apiv2][status] POST https://www.googleapis.com/oauth2/v3/token 400
[debug] [2026-01-26T22:06:25.034Z] <<< [apiv2][body] POST https://www.googleapis.com/oauth2/v3/token [omitted]
[debug] [2026-01-26T22:06:25.034Z] >>> [apiv2][query] GET https://firebase.googleapis.com/v1beta1/projects/lena-kalmikov-portfolio [none]
[debug] [2026-01-26T22:06:25.203Z] <<< [apiv2][status] GET https://firebase.googleapis.com/v1beta1/projects/lena-kalmikov-portfolio 401
[debug] [2026-01-26T22:06:25.203Z] <<< [apiv2][body] GET https://firebase.googleapis.com/v1beta1/projects/lena-kalmikov-portfolio {"error":{"code":401,"message":"Request had invalid authentication credentials. Expected OAuth 2 access token, login cookie or other valid authentication credential. See https://developers.google.com/identity/sign-in/web/devconsole-project.","status":"UNAUTHENTICATED"}}
[debug] [2026-01-26T22:06:25.203Z] HTTP Error: 401, Request had invalid authentication credentials. Expected OAuth 2 access token, login cookie or other valid authentication credential. See https://developers.google.com/identity/sign-in/web/devconsole-project.
[error] 
[error] Error: Assertion failed: resolving hosting target of a site with no site name or target name. This should have caused an error earlier
[debug] [2026-01-26T22:08:57.663Z] ----------------------------------------------------------------------
[debug] [2026-01-26T22:08:57.665Z] Command:       C:\Program Files\nodejs\node.exe C:\Users\Lena\AppData\Roaming\npm\node_modules\firebase-tools\lib\bin\firebase.js deploy
[debug] [2026-01-26T22:08:57.666Z] CLI Version:   13.2.0
[debug] [2026-01-26T22:08:57.666Z] Platform:      win32
[debug] [2026-01-26T22:08:57.666Z] Node Version:  v22.11.0
[debug] [2026-01-26T22:08:57.666Z] Time:          Tue Jan 27 2026 00:08:57 GMT+0200 (Israel Standard Time)
[debug] [2026-01-26T22:08:57.666Z] ----------------------------------------------------------------------
[debug] 
[debug] [2026-01-26T22:08:57.718Z] > command requires scopes: ["email","openid","https://www.googleapis.com/auth/cloudplatformprojects.readonly","https://www.googleapis.com/auth/firebase","https://www.googleapis.com/auth/cloud-platform"]
[debug] [2026-01-26T22:08:57.718Z] > authorizing via signed-in user (elenakalmikov@gmail.com)
[debug] [2026-01-26T22:08:57.719Z] [iam] checking project lena-kalmikov-portfolio for permissions ["firebase.projects.get","firebasehosting.sites.update"]
[debug] [2026-01-26T22:08:57.720Z] > refreshing access token with scopes: []
[debug] [2026-01-26T22:08:57.721Z] >>> [apiv2][query] POST https://www.googleapis.com/oauth2/v3/token [none]
[debug] [2026-01-26T22:08:57.721Z] >>> [apiv2][body] POST https://www.googleapis.com/oauth2/v3/token [omitted]
[debug] [2026-01-26T22:08:57.912Z] <<< [apiv2][status] POST https://www.googleapis.com/oauth2/v3/token 400
[debug] [2026-01-26T22:08:57.912Z] <<< [apiv2][body] POST https://www.googleapis.com/oauth2/v3/token [omitted]
[debug] [2026-01-26T22:08:57.912Z] >>> [apiv2][query] POST https://cloudresourcemanager.googleapis.com/v1/projects/lena-kalmikov-portfolio:testIamPermissions [none]
[debug] [2026-01-26T22:08:57.912Z] >>> [apiv2][(partial)header] POST https://cloudresourcemanager.googleapis.com/v1/projects/lena-kalmikov-portfolio:testIamPermissions x-goog-quota-user=projects/lena-kalmikov-portfolio
[debug] [2026-01-26T22:08:57.912Z] >>> [apiv2][body] POST https://cloudresourcemanager.googleapis.com/v1/projects/lena-kalmikov-portfolio:testIamPermissions {"permissions":["firebase.projects.get","firebasehosting.sites.update"]}
[debug] [2026-01-26T22:08:58.808Z] <<< [apiv2][status] POST https://cloudresourcemanager.googleapis.com/v1/projects/lena-kalmikov-portfolio:testIamPermissions 401
[debug] [2026-01-26T22:08:58.808Z] <<< [apiv2][body] POST https://cloudresourcemanager.googleapis.com/v1/projects/lena-kalmikov-portfolio:testIamPermissions {"error":{"code":401,"message":"Request had invalid authentication credentials. Expected OAuth 2 access token, login cookie or other valid authentication credential. See https://developers.google.com/identity/sign-in/web/devconsole-project.","status":"UNAUTHENTICATED","details":[{"@type":"type.googleapis.com/google.rpc.ErrorInfo","reason":"ACCESS_TOKEN_TYPE_UNSUPPORTED","metadata":{"method":"google.cloudresourcemanager.v1.Projects.TestIamPermissions","service":"cloudresourcemanager.googleapis.com"}}]}}
[debug] [2026-01-26T22:08:58.809Z] [iam] error while checking permissions, command may fail: FirebaseError: HTTP Error: 401, Request had invalid authentication credentials. Expected OAuth 2 access token, login cookie or other valid authentication credential. See https://developers.google.com/identity/sign-in/web/devconsole-project.
[debug] [2026-01-26T22:08:58.809Z] > refreshing access token with scopes: []
[debug] [2026-01-26T22:08:58.809Z] >>> [apiv2][query] POST https://www.googleapis.com/oauth2/v3/token [none]
[debug] [2026-01-26T22:08:58.809Z] >>> [apiv2][body] POST https://www.googleapis.com/oauth2/v3/token [omitted]
[debug] [2026-01-26T22:08:58.879Z] <<< [apiv2][status] POST https://www.googleapis.com/oauth2/v3/token 400
[debug] [2026-01-26T22:08:58.879Z] <<< [apiv2][body] POST https://www.googleapis.com/oauth2/v3/token [omitted]
[debug] [2026-01-26T22:08:58.880Z] >>> [apiv2][query] GET https://firebase.googleapis.com/v1beta1/projects/lena-kalmikov-portfolio [none]
[debug] [2026-01-26T22:08:59.031Z] <<< [apiv2][status] GET https://firebase.googleapis.com/v1beta1/projects/lena-kalmikov-portfolio 401
[debug] [2026-01-26T22:08:59.031Z] <<< [apiv2][body] GET https://firebase.googleapis.com/v1beta1/projects/lena-kalmikov-portfolio {"error":{"code":401,"message":"Request had invalid authentication credentials. Expected OAuth 2 access token, login cookie or other valid authentication credential. See https://developers.google.com/identity/sign-in/web/devconsole-project.","status":"UNAUTHENTICATED"}}
[debug] [2026-01-26T22:08:59.031Z] HTTP Error: 401, Request had invalid authentication credentials. Expected OAuth 2 access token, login cookie or other valid authentication credential. See https://developers.google.com/identity/sign-in/web/devconsole-project.
[error] 
[error] Error: Assertion failed: resolving hosting target of a site with no site name or target name. This should have caused an error earlier
[debug] [2026-01-26T22:53:00.483Z] ----------------------------------------------------------------------
[debug] [2026-01-26T22:53:00.485Z] Command:       C:\Program Files\nodejs\node.exe C:\Users\Lena\AppData\Roaming\npm\node_modules\firebase-tools\lib\bin\firebase.js deploy
[debug] [2026-01-26T22:53:00.486Z] CLI Version:   13.2.0
[debug] [2026-01-26T22:53:00.486Z] Platform:      win32
[debug] [2026-01-26T22:53:00.486Z] Node Version:  v22.11.0
[debug] [2026-01-26T22:53:00.486Z] Time:          Tue Jan 27 2026 00:53:00 GMT+0200 (Israel Standard Time)
[debug] [2026-01-26T22:53:00.486Z] ----------------------------------------------------------------------
[debug] 
[debug] [2026-01-26T22:53:00.540Z] > command requires scopes: ["email","openid","https://www.googleapis.com/auth/cloudplatformprojects.readonly","https://www.googleapis.com/auth/firebase","https://www.googleapis.com/auth/cloud-platform"]
[debug] [2026-01-26T22:53:00.540Z] > authorizing via signed-in user (elenakalmikov@gmail.com)
[debug] [2026-01-26T22:53:00.541Z] [iam] checking project lena-kalmikov-portfolio for permissions ["firebase.projects.get","firebasehosting.sites.update"]
[debug] [2026-01-26T22:53:00.542Z] > refreshing access token with scopes: []
[debug] [2026-01-26T22:53:00.543Z] >>> [apiv2][query] POST https://www.googleapis.com/oauth2/v3/token [none]
[debug] [2026-01-26T22:53:00.543Z] >>> [apiv2][body] POST https://www.googleapis.com/oauth2/v3/token [omitted]
[debug] [2026-01-26T22:53:00.729Z] <<< [apiv2][status] POST https://www.googleapis.com/oauth2/v3/token 400
[debug] [2026-01-26T22:53:00.729Z] <<< [apiv2][body] POST https://www.googleapis.com/oauth2/v3/token [omitted]
[debug] [2026-01-26T22:53:00.729Z] >>> [apiv2][query] POST https://cloudresourcemanager.googleapis.com/v1/projects/lena-kalmikov-portfolio:testIamPermissions [none]
[debug] [2026-01-26T22:53:00.729Z] >>> [apiv2][(partial)header] POST https://cloudresourcemanager.googleapis.com/v1/projects/lena-kalmikov-portfolio:testIamPermissions x-goog-quota-user=projects/lena-kalmikov-portfolio
[debug] [2026-01-26T22:53:00.729Z] >>> [apiv2][body] POST https://cloudresourcemanager.googleapis.com/v1/projects/lena-kalmikov-portfolio:testIamPermissions {"permissions":["firebase.projects.get","firebasehosting.sites.update"]}
[debug] [2026-01-26T22:53:01.625Z] <<< [apiv2][status] POST https://cloudresourcemanager.googleapis.com/v1/projects/lena-kalmikov-portfolio:testIamPermissions 401
[debug] [2026-01-26T22:53:01.625Z] <<< [apiv2][body] POST https://cloudresourcemanager.googleapis.com/v1/projects/lena-kalmikov-portfolio:testIamPermissions {"error":{"code":401,"message":"Request had invalid authentication credentials. Expected OAuth 2 access token, login cookie or other valid authentication credential. See https://developers.google.com/identity/sign-in/web/devconsole-project.","status":"UNAUTHENTICATED","details":[{"@type":"type.googleapis.com/google.rpc.ErrorInfo","reason":"ACCESS_TOKEN_TYPE_UNSUPPORTED","metadata":{"method":"google.cloudresourcemanager.v1.Projects.TestIamPermissions","service":"cloudresourcemanager.googleapis.com"}}]}}
[debug] [2026-01-26T22:53:01.626Z] [iam] error while checking permissions, command may fail: FirebaseError: HTTP Error: 401, Request had invalid authentication credentials. Expected OAuth 2 access token, login cookie or other valid authentication credential. See https://developers.google.com/identity/sign-in/web/devconsole-project.
[debug] [2026-01-26T22:53:01.626Z] > refreshing access token with scopes: []
[debug] [2026-01-26T22:53:01.626Z] >>> [apiv2][query] POST https://www.googleapis.com/oauth2/v3/token [none]
[debug] [2026-01-26T22:53:01.626Z] >>> [apiv2][body] POST https://www.googleapis.com/oauth2/v3/token [omitted]
[debug] [2026-01-26T22:53:01.702Z] <<< [apiv2][status] POST https://www.googleapis.com/oauth2/v3/token 400
[debug] [2026-01-26T22:53:01.702Z] <<< [apiv2][body] POST https://www.googleapis.com/oauth2/v3/token [omitted]
[debug] [2026-01-26T22:53:01.702Z] >>> [apiv2][query] GET https://firebase.googleapis.com/v1beta1/projects/lena-kalmikov-portfolio [none]
[debug] [2026-01-26T22:53:01.861Z] <<< [apiv2][status] GET https://firebase.googleapis.com/v1beta1/projects/lena-kalmikov-portfolio 401
[debug] [2026-01-26T22:53:01.862Z] <<< [apiv2][body] GET https://firebase.googleapis.com/v1beta1/projects/lena-kalmikov-portfolio {"error":{"code":401,"message":"Request had invalid authentication credentials. Expected OAuth 2 access token, login cookie or other valid authentication credential. See https://developers.google.com/identity/sign-in/web/devconsole-project.","status":"UNAUTHENTICATED"}}
[debug] [2026-01-26T22:53:01.862Z] HTTP Error: 401, Request had invalid authentication credentials. Expected OAuth 2 access token, login cookie or other valid authentication credential. See https://developers.google.com/identity/sign-in/web/devconsole-project.
[error] 
[error] Error: Assertion failed: resolving hosting target of a site with no site name or target name. This should have caused an error earlier
